# HELP test_dialer_cx_active Number of active connections
# TYPE test_dialer_cx_active gauge
test_dialer_cx_active{host="localhost"} 0
# HELP test_dialer_cx_total Number of dialed connections
# TYPE test_dialer_cx_total counter
test_dialer_cx_total{host="localhost"} 10
