# HELP test_dialer_errors_total Number of dialer errors
# TYPE test_dialer_errors_total counter
test_dialer_errors_total{host="localhost"} 1
